Microchip MPLAB XC8 Compiler V2.46

Linker command line:

-W-3 \
  --edf=C:\Program Files\Microchip\xc8\v2.46\pic\dat\20240104201356_en.msgs \
  -cn -h+dist/default/debug\PIC.debug.sym \
  --cmf=dist/default/debug\PIC.debug.cmf -z -Q18F4620 \
  -oC:\Users\abdel\AppData\Local\Temp\xcAs1e4.\driver_tmp_3.o \
  --defsym=__MPLAB_BUILD=1 --fixupoverflow=error \
  -Mdist/default/debug/PIC.debug.map \
  --md=C:\Users\abdel\AppData\Local\Temp\xcAs1e4.\driver_tmp_0.dat -E1 \
  -ver=XC8 Compiler --acfsm=1493 -ACODE=00h-0FFFFh -ACONST=00h-0FFFFh \
  -ASMALLCONST=01000h-010FFhx240 -AMEDIUMCONST=01000h-0FFFFh \
  -ACOMRAM=01h-07Fh -AABS1=00h-0F7Fh -ABIGRAM=01h-0F7Fh \
  -ARAM=080h-0FFh,0100h-01FFhx14,0F00h-0F7Fh -ABANK0=080h-0FFh \
  -ABANK1=0100h-01FFh -ABANK2=0200h-02FFh -ABANK3=0300h-03FFh \
  -ABANK4=0400h-04FFh -ABANK5=0500h-05FFh -ABANK6=0600h-06FFh \
  -ABANK7=0700h-07FFh -ABANK8=0800h-08FFh -ABANK9=0900h-09FFh \
  -ABANK10=0A00h-0AFFh -ABANK11=0B00h-0BFFh -ABANK12=0C00h-0CFFh \
  -ABANK13=0D00h-0DFFh -ABANK14=0E00h-0EFFh -ABANK15=0F00h-0F7Fh \
  -ASFR=0F80h-0FFFh -ABIGSFR=0F80h-0FFFh -ACONFIG=0300000h-030000Dh \
  -AIDLOC=0200000h-0200007h -AEEDATA=0F00000h-0F003FFh -peeprom_data=EEDATA \
  -preset_vec=00h,intcode,sivt_hi,intcodelo,sivt_lo,powerup,init \
  -pramtop=01000h -psmallconst=SMALLCONST -pmediumconst=MEDIUMCONST \
  -pconst=CONST -AFARRAM=00h-00h \
  -prdata=COMRAM,nvrram=COMRAM,nvbit=COMRAM,rbss=COMRAM,rbit=COMRAM \
  -pfarbss=FARRAM,fardata=FARRAM,nvFARRAM=FARRAM \
  -pintsave_regs=BIGRAM,bigbss=BIGRAM,bigdata=BIGRAM -pbss=RAM \
  -pidata=CODE,irdata=CODE,ibigdata=CODE,ifardata=CODE -prparam=COMRAM \
  C:\Users\abdel\AppData\Local\Temp\xcAs1e4.\driver_tmp_9.o \
  dist/default/debug\PIC.debug.o 

Object code version is 3.11

Machine type is 18F4620



                Name                               Link     Load   Length Selector   Space Scale
C:\Users\abdel\AppData\Local\Temp\xcAs1e4.\driver_tmp_9.o
                init                                  0        0        4        0       0
dist/default/debug\PIC.debug.o
                smallconst                         1000     1000        2      800       0
                text6                              1002     1002      112      801       0
                text5                              1224     1224       7A      801       0
                text4                              1114     1114      110      801       0
                text3                              13E0     13E0       38      801       0
                text2                              130A     130A       6C      801       0
                text1                              129E     129E       6C      801       0
                text0                              1376     1376       6A      801       0
                cstackCOMRAM                         29       29        8        1       1
                dataCOMRAM                            1        1       28        1       1
                bssCOMRAM                            31       31        4        1       1
                cinit                              1418     1418       32      801       0
                idataCOMRAM                        144A     144A       28      801       0

TOTAL           Name                               Link     Load   Length     Space
        CLASS   CODE           
                init                                  0        0        4         0
                text6                              1002     1002      112         0
                text5                              1224     1224       7A         0
                text4                              1114     1114      110         0
                text3                              13E0     13E0       38         0
                text2                              130A     130A       6C         0
                text1                              129E     129E       6C         0
                text0                              1376     1376       6A         0
                cinit                              1418     1418       32         0
                idataCOMRAM                        144A     144A       28         0

        CLASS   CONST          

        CLASS   SMALLCONST     
                smallconst                         1000     1000        2         0

        CLASS   MEDIUMCONST    

        CLASS   COMRAM         
                cstackCOMRAM                         29       29        8         1
                dataCOMRAM                            1        1       28         1
                bssCOMRAM                            31       31        4         1

        CLASS   ABS1           

        CLASS   BIGRAM         

        CLASS   RAM            

        CLASS   BANK0          

        CLASS   BANK1          

        CLASS   BANK2          

        CLASS   BANK3          

        CLASS   BANK4          

        CLASS   BANK5          

        CLASS   BANK6          

        CLASS   BANK7          

        CLASS   BANK8          

        CLASS   BANK9          

        CLASS   BANK10         

        CLASS   BANK11         

        CLASS   BANK12         

        CLASS   BANK13         

        CLASS   BANK14         

        CLASS   BANK15         

        CLASS   SFR            

        CLASS   BIGSFR         

        CLASS   CONFIG         

        CLASS   IDLOC          

        CLASS   EEDATA         

        CLASS   FARRAM         

        CLASS   HEAP           

        CLASS   STACK          



SEGMENTS        Name                           Load    Length   Top    Selector   Space  Class

                reset_vec                      000000  000004  000004         0       0  CODE    
                dataCOMRAM                     000001  000034  000035         1       1  COMRAM  
                smallconst                     001000  000002  001002       800       0  SMALLCON
                text6                          001002  000470  001472       801       0  CODE    


UNUSED ADDRESS RANGES

        Name                Unused          Largest block    Delta
        BANK0            0080-00FF             80
        BANK1            0100-01FF            100
        BANK10           0A00-0AFF            100
        BANK11           0B00-0BFF            100
        BANK12           0C00-0CFF            100
        BANK13           0D00-0DFF            100
        BANK14           0E00-0EFF            100
        BANK15           0F00-0F7F             80
        BANK2            0200-02FF            100
        BANK3            0300-03FF            100
        BANK4            0400-04FF            100
        BANK5            0500-05FF            100
        BANK6            0600-06FF            100
        BANK7            0700-07FF            100
        BANK8            0800-08FF            100
        BANK9            0900-09FF            100
        BIGRAM           0035-0F7F            F4B
        BIGSFR           0F80-0FFF             80
        CODE             0004-0FFF            FFC
                         1472-FFFF           EB8E
        COMRAM           0035-007F             4B
        CONFIG           300000-30000D              E
        CONST            0004-0FFF            FFC
                         1472-FFFF           EB8E
        EEDATA           F00000-F003FF            400
        IDLOC            200000-200007              8
        MEDIUMCONST      1472-FFFF           EB8E
        RAM              0080-0F7F            100
        SFR              0F80-0FFF             80
        SMALLCONST       1472-FFFF            100

                                  Symbol Table

_LATA                              (abs)        0F89
_LATB                              (abs)        0F8A
_LATC                              (abs)        0F8B
_LATD                              (abs)        0F8C
_LATE                              (abs)        0F8D
_LAT_register                      dataCOMRAM   000B
_PORTA                             (abs)        0F80
_PORTB                             (abs)        0F81
_PORTC                             (abs)        0F82
_PORTD                             (abs)        0F83
_PORTE                             (abs)        0F84
_PORT_register                     dataCOMRAM   0001
_TRISA                             (abs)        0F92
_TRISB                             (abs)        0F93
_TRISC                             (abs)        0F94
_TRISD                             (abs)        0F95
_TRISE                             (abs)        0F96
_TRIS_register                     dataCOMRAM   0015
__HRAM                             (abs)        0000
__H__absolute__                    __absolute__ 0000
__Habs1                            abs1         0000
__Hbank0                           bank0        0000
__Hbank1                           bank1        0000
__Hbank10                          bank10       0000
__Hbank11                          bank11       0000
__Hbank12                          bank12       0000
__Hbank13                          bank13       0000
__Hbank14                          bank14       0000
__Hbank15                          bank15       0000
__Hbank2                           bank2        0000
__Hbank3                           bank3        0000
__Hbank4                           bank4        0000
__Hbank5                           bank5        0000
__Hbank6                           bank6        0000
__Hbank7                           bank7        0000
__Hbank8                           bank8        0000
__Hbank9                           bank9        0000
__Hbigbss                          bigbss       0000
__Hbigdata                         bigdata      0000
__Hbigram                          bigram       0000
__Hbigsfr                          bigsfr       0000
__Hbss                             bss          0000
__HbssCOMRAM                       bssCOMRAM    0000
__Hcinit                           cinit        0000
__Hclrtext                         clrtext      0000
__Hcomram                          comram       0000
__Hconfig                          config       0000
__Hconst                           const        0000
__HcstackCOMRAM                    cstackCOMRAM 0000
__Hdata                            data         0000
__HdataCOMRAM                      dataCOMRAM   0000
__Heeprom_data                     eeprom_data  0000
__Hfarbss                          farbss       0000
__Hfardata                         fardata      0000
__Hheap                            heap         0000
__Hibigdata                        ibigdata     0000
__Hidata                           idata        0000
__HidataCOMRAM                     idataCOMRAM  0000
__Hidloc                           idloc        0000
__Hifardata                        ifardata     0000
__Hinit                            init         0004
__Hintcode                         intcode      0000
__Hintcode_body                    intcode_body 0000
__Hintcodelo                       intcodelo    0000
__Hintentry                        intentry     0000
__Hintret                          intret       0000
__Hintsave_regs                    intsave_regs 0000
__Hirdata                          irdata       0000
__Hmediumconst                     mediumconst  0000
__HnvFARRAM                        nvFARRAM     0000
__Hnvbit                           nvbit        0000
__Hnvrram                          nvrram       0000
__Hparam                           rparam       0000
__Hpowerup                         powerup      0000
__Hram                             ram          0000
__Hramtop                          ramtop       1000
__Hrbit                            rbit         0000
__Hrbss                            rbss         0000
__Hrdata                           rdata        0000
__Hreset_vec                       reset_vec    0000
__Hrparam                          rparam       0000
__Hsfr                             sfr          0000
__Hsivt_hi                         sivt_hi      0000
__Hsivt_lo                         sivt_lo      0000
__Hsmallconst                      smallconst   1002
__Hspace_0                         (abs)        1472
__Hspace_1                         (abs)        0035
__Hspace_2                         (abs)        0000
__Hspace_4                         (abs)        0000
__Hstack                           stack        0000
__Hstruct                          struct       0000
__Htemp                            temp         0000
__Htext                            text         0000
__Htext0                           text0        0000
__Htext1                           text1        0000
__Htext2                           text2        0000
__Htext3                           text3        0000
__Htext4                           text4        0000
__Htext5                           text5        0000
__Htext6                           text6        0000
__LRAM                             (abs)        0001
__L__absolute__                    __absolute__ 0000
__Labs1                            abs1         0000
__Lbank0                           bank0        0000
__Lbank1                           bank1        0000
__Lbank10                          bank10       0000
__Lbank11                          bank11       0000
__Lbank12                          bank12       0000
__Lbank13                          bank13       0000
__Lbank14                          bank14       0000
__Lbank15                          bank15       0000
__Lbank2                           bank2        0000
__Lbank3                           bank3        0000
__Lbank4                           bank4        0000
__Lbank5                           bank5        0000
__Lbank6                           bank6        0000
__Lbank7                           bank7        0000
__Lbank8                           bank8        0000
__Lbank9                           bank9        0000
__Lbigbss                          bigbss       0000
__Lbigdata                         bigdata      0000
__Lbigram                          bigram       0000
__Lbigsfr                          bigsfr       0000
__Lbss                             bss          0000
__LbssCOMRAM                       bssCOMRAM    0000
__Lcinit                           cinit        0000
__Lclrtext                         clrtext      0000
__Lcomram                          comram       0000
__Lconfig                          config       0000
__Lconst                           const        0000
__LcstackCOMRAM                    cstackCOMRAM 0000
__Ldata                            data         0000
__LdataCOMRAM                      dataCOMRAM   0000
__Leeprom_data                     eeprom_data  0000
__Lfarbss                          farbss       0000
__Lfardata                         fardata      0000
__Lheap                            heap         0000
__Libigdata                        ibigdata     0000
__Lidata                           idata        0000
__LidataCOMRAM                     idataCOMRAM  0000
__Lidloc                           idloc        0000
__Lifardata                        ifardata     0000
__Linit                            init         0000
__Lintcode                         intcode      0000
__Lintcode_body                    intcode_body 0000
__Lintcodelo                       intcodelo    0000
__Lintentry                        intentry     0000
__Lintret                          intret       0000
__Lintsave_regs                    intsave_regs 0000
__Lirdata                          irdata       0000
__Lmediumconst                     mediumconst  0000
__LnvFARRAM                        nvFARRAM     0000
__Lnvbit                           nvbit        0000
__Lnvrram                          nvrram       0000
__Lparam                           rparam       0000
__Lpowerup                         powerup      0000
__Lram                             ram          0000
__Lramtop                          ramtop       1000
__Lrbit                            rbit         0000
__Lrbss                            rbss         0000
__Lrdata                           rdata        0000
__Lreset_vec                       reset_vec    0000
__Lrparam                          rparam       0000
__Lsfr                             sfr          0000
__Lsivt_hi                         sivt_hi      0000
__Lsivt_lo                         sivt_lo      0000
__Lsmallconst                      smallconst   1000
__Lspace_0                         (abs)        0000
__Lspace_1                         (abs)        0000
__Lspace_2                         (abs)        0000
__Lspace_4                         (abs)        0000
__Lstack                           stack        0000
__Lstruct                          struct       0000
__Ltemp                            temp         0000
__Ltext                            text         0000
__Ltext0                           text0        0000
__Ltext1                           text1        0000
__Ltext2                           text2        0000
__Ltext3                           text3        0000
__Ltext4                           text4        0000
__Ltext5                           text5        0000
__Ltext6                           text6        0000
__S0                               (abs)        1472
__S1                               (abs)        0035
__S4                               (abs)        0000
__S5                               (abs)        0000
___heap_hi                         (abs)        0000
___heap_lo                         (abs)        0000
___inthi_sp                        stack        0000
___inthi_stack_hi                  stack        0000
___inthi_stack_lo                  stack        0000
___intlo_sp                        stack        0000
___intlo_stack_hi                  stack        0000
___intlo_stack_lo                  stack        0000
___param_bank                      (abs)        0000
___rparam_used                     (abs)        0001
___sp                              stack        0000
___stack_hi                        stack        0000
___stack_lo                        stack        0000
__accesstop                        (abs)        0080
__activetblptr                     (abs)        0002
__end_of__initialization           cinit        1440
__end_of_gpio_pin_direction_init   text6        1114
__end_of_gpio_pin_read_logic       text5        129E
__end_of_gpio_pin_write_logic      text4        1224
__end_of_gpio_port_direction_init  text3        1418
__end_of_init                      text2        1376
__end_of_init2                     text1        130A
__end_of_main                      text0        13E0
__initialization                   cinit        1418
__mediumconst                      mediumconst  0000
__pbssCOMRAM                       bssCOMRAM    0031
__pcinit                           cinit        1418
__pcstackCOMRAM                    cstackCOMRAM 0029
__pdataCOMRAM                      dataCOMRAM   0001
__pidataCOMRAM                     idataCOMRAM  144A
__psmallconst                      smallconst   1000
__ptext0                           text0        1376
__ptext1                           text1        129E
__ptext2                           text2        130A
__ptext3                           text3        13E0
__ptext4                           text4        1114
__ptext5                           text5        1224
__ptext6                           text6        1002
__ramtop                           ramtop       1000
__smallconst                       smallconst   1000
_btn_1                             dataCOMRAM   0020
_btn_2                             dataCOMRAM   001F
_counter                           bssCOMRAM    0031
_gpio_pin_direction_init           text6        1002
_gpio_pin_read_logic               text5        1224
_gpio_pin_write_logic              text4        1114
_gpio_port_direction_init          text3        13E0
_init                              text2        130A
_init2                             text1        129E
_led_1                             dataCOMRAM   0028
_led_2                             dataCOMRAM   0027
_led_3                             dataCOMRAM   0026
_led_4                             dataCOMRAM   0025
_led_5                             dataCOMRAM   0024
_led_6                             dataCOMRAM   0023
_led_7                             dataCOMRAM   0022
_led_8                             dataCOMRAM   0021
_main                              text0        1376
_ret                               bssCOMRAM    0032
_state                             bssCOMRAM    0034
_state1                            bssCOMRAM    0033
end_of_initialization              cinit        1440
gpio_pin_direction_init@_PIN_      cstackCOMRAM 0029
gpio_pin_direction_init@ret        cstackCOMRAM 002F
gpio_pin_read_logic@_PIN_          cstackCOMRAM 0029
gpio_pin_read_logic@logic          cstackCOMRAM 002A
gpio_pin_write_logic@_PIN_         cstackCOMRAM 0029
gpio_pin_write_logic@logic         cstackCOMRAM 002A
gpio_pin_write_logic@ret           cstackCOMRAM 0030
gpio_port_direction_init@_PORT_    cstackCOMRAM 002C
gpio_port_direction_init@direction cstackCOMRAM 0029
intlevel0                          text         0000
intlevel1                          text         0000
intlevel2                          text         0000
intlevel3                          text         0000
isa$std                            (abs)        0001
isa$xinst                          (abs)        0000
stackhi                            (abs)        0000
stacklo                            (abs)        0000
start                              init         0000
start_initialization               cinit        1418


MODULE INFORMATION

Module		Function		Class		Link	Load	Size
MCAL_layer/GPIO/hal_gpio.c
		_gpio_pin_write_logic		CODE           	1114	0000	272
		_gpio_pin_direction_init		CODE           	1002	0000	274
		_gpio_pin_read_logic		CODE           	1224	0000	122
		_gpio_port_direction_init		CODE           	13E0	0000	56

MCAL_layer/GPIO/hal_gpio.c estimated size: 724

apllication.c
		_init          		CODE           	130A	0000	108
		_main          		CODE           	1376	0000	106
		_init2         		CODE           	129E	0000	108

apllication.c estimated size: 322

shared
		__initialization		CODE           	1418	0000	40

shared estimated size: 40

